SQL> CREATE TABLE STUD
  2  (
  3  STUDID CHAR(5) NOT NULL,
  4  SNAME VARCHAR(20) NOT NULL,
  5  SCONC CHAR(10) NOT NULL,
  6  SEMAILID VARCHAR(20) NOT NULL,
  7  CONSTRAINT PK11 PRIMARY KEY(STUDID),
  8  CONSTRAINT CK11 CHECK(SUBSTR(STUDID,1,1)='S'),
  9  CONSTRAINT CK22 CHECK(LENGTH(SNAME)>=3),
 10  CONSTRAINT UK11 UNIQUE(SCONC),
 11  CONSTRAINT CK33 CHECK(LENGTH(SCONC)=10),
 12  CONSTRAINT UK22 UNIQUE(SEMAILID),
 13  CONSTRAINT CK44 CHECK(INSTR(SEMAILID,'@',1,1)>=2));

Table created.

SQL> COMMIT;

Commit complete.

SQL> CREATE TABLE PLAC
  2  (
  3  STUDID CHAR(5) NULL,
  4  CNAME VACRCHAR(20) NOT NULL,
  5  JOB DATE NOT NULL,
  6  SAL NUMBER(7,2) NULL,
  7  CONSTRAINT FK11 FOREIGN KEY(STUDID) REFERENCES STUD(STUDID),
  8  CONSTRAINT CK32 CHECK(SAL>=20000.00));
CNAME VACRCHAR(20) NOT NULL,
              *
ERROR at line 4:
ORA-00907: missing right parenthesis 


SQL> ED
Wrote file afiedt.buf

  1  CREATE TABLE PLAC
  2  (
  3  STUDID CHAR(5) NULL,
  4  CNAME VARCHAR(20) NOT NULL,
  5  JOB DATE NOT NULL,
  6  SAL NUMBER(7,2) NULL,
  7  CONSTRAINT FK11 FOREIGN KEY(STUDID) REFERENCES STUD(STUDID),
  8* CONSTRAINT CK32 CHECK(SAL>=20000.00))
SQL> /

Table created.

SQL> COMMIT;

Commit complete.

SQL> CL SCR
SQL> SPOOL OFF
